// Jest Snapshot v1, https://goo.gl/fbAQLP

exports[`<AddToCart/> renders and matches 1`] = `
<button
  className="AddCart__ADDCART-sc-12cdt5i-0 bMsvre"
  disabled={false}
  onClick={[Function]}
>
  Add
  To Cart
</button>
`;
