// Jest Snapshot v1, https://goo.gl/fbAQLP

exports[`<Nav/> render signed out nav  1`] = `
Array [
  <NavStyles
    data-test="nav"
  >
    <ul
      className="NavStyles-sc-11c0d2g-0 fWyNOv"
      data-test="nav"
    >
      <Link
        href="/items"
      >
        <a
          href="/items"
          onClick={[Function]}
        >
           Item 
        </a>
      </Link>
      <Link
        href="/singup"
      >
        <a
          href="/singup"
          onClick={[Function]}
        >
           Signup 
        </a>
      </Link>
    </ul>
  </NavStyles>,
  <ul
    className="NavStyles-sc-11c0d2g-0 fWyNOv"
    data-test="nav"
  >
    <Link
      href="/items"
    >
      <a
        href="/items"
        onClick={[Function]}
      >
         Item 
      </a>
    </Link>
    <Link
      href="/singup"
    >
      <a
        href="/singup"
        onClick={[Function]}
      >
         Signup 
      </a>
    </Link>
  </ul>,
]
`;

exports[`<Nav/> renders the amount of items in the cart 1`] = `
<div
  className="count CartCount__Dot-xxvp4g-0 iAflQU"
>
  9
</div>
`;
