// Jest Snapshot v1, https://goo.gl/fbAQLP

exports[`<Order/> renders 1`] = `null`;

exports[`<Order/> renders the order 1`] = `null`;
