// Jest Snapshot v1, https://goo.gl/fbAQLP

exports[`<RemoveFromCart/> renders and matches 1`] = `
<button
  className="RemoveFromCart__DELETE_BUTTON-emvtd6-0 BKjwo"
  disabled={false}
  onClick={[Function]}
  title="DELETE_BUTTON"
>
  Ã—
</button>
`;
